// Vitest Snapshot v1, https://vitest.dev/guide/snapshot.html

exports[`PageChatSystem  > Should RenderChatSystem:  1`] = `
<div>
  <div
    class="flex h-screen w-full"
  >
    <div
      class="w-1/3 border-r bg-charcoalWhite border-gray-300 p-4 overflow-y-auto"
    >
      <div
        class="flex items-center gap-4 mb-4"
      >
        <h2
          class="font-semibold text-lg"
        >
          Messaging
        </h2>
      </div>
      <div
        class="mt-4"
      >
        <div
          class="text-gray-500 text-center mt-4"
        >
          No chats found
        </div>
      </div>
    </div>
    <div
      class="flex-grow flex flex-col justify-end w-2/3 flex flex-col"
    >
      <div
        class="flex-grow flex items-center justify-center"
      >
        <h2
          class="text-gray-500"
        >
          Choose a chat to start messaging
        </h2>
      </div>
    </div>
  </div>
</div>
`;
